reg__98: 
datapath__5: 
reg__75: 
reg__24: 
logic__322: 
case__47: 
case__32: 
reg__35: 
case__7: 
keep__162: 
fifo_generator_v13_2_3: 
xpm_cdc_async_rst: 
keep__169: 
datapath__15: 
logic__25: 
reg__57: 
logic__118: 
case__51: 
reg__97: 
fifo_generator_v13_2_3_synth__parameterized0__xdcDup__1: 
muxpart__10: 
reg__78: 
logic__266: 
keep__135: 
fifo_generator_ramfifo__parameterized0: 
reg__19: 
logic__175: 
logic__300: 
logic__234: 
logic__164: 
logic__248: 
logic__53: 
reg__86: 
counter__5: 
datapath__4: 
logic__87: 
datapath__21: 
logic__265: 
datapath__13: 
counter__2: 
reg__62: 
reset_blk_ramfifo: 
logic__148: 
logic__95: 
case__23: 
keep__152: 
logic__6: 
keep__125: 
case__15: 
reg__64: 
keep__171: 
case__72: 
reg__42: 
case__2: 
logic__84: 
counter__1: 
reg__80: 
keep__122: 
keep__138: 
reg__49: 
keep__108: 
reg__3: 
reg__38: 
case__31: 
keep__128: 
logic__23: 
keep__156: 
datapath__16: 
logic__259: 
logic__308: 
reset_blk_ramfifo__xdcDup__1: 
reg__111: 
datapath__17: 
datapath__6: 
logic__83: 
logic__124: 
wr_status_flags_ss: 
case__40: 
case__28: 
counter__6: 
case__6: 
keep__134: 
logic__172: 
case__55: 
logic__158: 
reg__72: 
keep__165: 
keep__107: 
logic__169: 
muxpart__11: 
logic__249: 
reg__7: 
logic__256: 
reg__1: 
keep__102: 
logic__381: 
input_blk__parameterized0: 
case: 
reg__79: 
logic__231: 
logic__188: 
logic__383: 
reg__51: 
reg__82: 
reg__70: 
reg__68: 
keep__166: 
reg__29: 
logic__382: 
logic__104: 
logic__273: 
input_blk: 
logic__112: 
case__35: 
wr_bin_cntr: 
reset_blk_ramfifo__xdcDup__2: 
logic__414: 
reg__114: 
reg__59: 
reg__102: 
reg__40: 
signinv__4: 
logic__279: 
case__38: 
logic__15: 
reg__18: 
keep__113: 
logic__363: 
logic__109: 
keep__149: 
logic__390: 
reg__52: 
logic__409: 
axi_data_fifo_v2_1_17_axic_fifo__parameterized0__xdcDup__1: 
keep__172: 
reg__84: 
logic__408: 
case__63: 
axi_dwidth_converter_v2_1_18_w_downsizer: 
case__53: 
reg__108: 
logic__51: 
case__19: 
keep__137: 
counter__3: 
reg__4: 
logic__67: 
reg__67: 
reg__36: 
logic__139: 
case__68: 
logic__269: 
logic__264: 
logic__396: 
datapath__23: 
keep__123: 
counter__4: 
fifo_generator_ramfifo: 
logic__311: 
reg__104: 
reg__92: 
logic__325: 
reg__5: 
case__48: 
memory__parameterized0: 
axi_data_fifo_v2_1_17_fifo_gen: 
logic__393: 
axi_dwidth_converter_v2_1_18_top: 
reg__109: 
reg__28: 
logic__252: 
keep__146: 
logic__97: 
reg__87: 
reg__27: 
reg__113: 
reg__37: 
keep__139: 
case__52: 
keep__144: 
logic__24: 
case__61: 
keep__158: 
keep__153: 
keep__109: 
reg__10: 
reg__110: 
logic__88: 
reg__101: 
case__27: 
logic__119: 
rd_fwft: 
keep__124: 
reg__39: 
reg__66: 
case__69: 
logic__262: 
logic__136: 
reg__2: 
logic__11: 
reg__16: 
logic__291: 
logic__315: 
case__33: 
reg__63: 
axi_dwidth_converter_v2_1_18_b_downsizer: 
reg__93: 
muxpart__8: 
reg__88: 
datapath__18: 
case__37: 
logic__397: 
fifo_generator_ramfifo__parameterized0__xdcDup__1: 
case__4: 
logic__213: 
output_blk__parameterized0: 
logic__379: 
reg__54: 
keep__103: 
logic__161: 
case__64: 
keep__115: 
logic__108: 
logic__176: 
reg__34: 
keep__161: 
reg__71: 
logic__247: 
case__59: 
case__39: 
logic__267: 
logic__85: 
logic__263: 
logic__417: 
logic__391: 
datapath__20: 
axi_data_fifo_v2_1_17_fifo_gen__parameterized0: 
reg__17: 
reg__99: 
logic__20: 
reg__47: 
case__71: 
counter__8: 
logic__297: 
signinv: 
keep__143: 
reg__11: 
reg__81: 
reg__95: 
reg__83: 
reg__21: 
logic__378: 
muxpart__7: 
logic__230: 
reg__6: 
case__1: 
reg__73: 
keep__159: 
logic__149: 
logic__218: 
case__9: 
design_1_auto_ds_0: 
reg__13: 
case__29: 
datapath__8: 
keep__150: 
case__65: 
reg__30: 
keep__105: 
reg__53: 
logic__79: 
case__73: 
case__20: 
keep__142: 
logic__145: 
logic__232: 
muxpart__1: 
logic__275: 
logic__398: 
logic__276: 
keep__127: 
reg__31: 
keep__111: 
case__70: 
reg__90: 
keep__163: 
logic__63: 
logic__319: 
case__34: 
reg__9: 
reg__85: 
reg__23: 
reg__8: 
logic__290: 
signinv__2: 
keep__141: 
logic__168: 
fifo_generator_top: 
axi_dwidth_converter_v2_1_18_axi_downsizer: 
reg__77: 
reg__56: 
counter: 
datapath: 
reg__33: 
muxpart: 
wr_logic: 
dmem: 
case__30: 
case__24: 
logic__389: 
datapath__7: 
reg__76: 
logic__255: 
fifo_generator_v13_2_3__parameterized0__xdcDup__1: 
datapath__24: 
keep: 
datapath__3: 
signinv__1: 
reg__44: 
logic__274: 
fifo_generator_top__parameterized0: 
keep__129: 
logic__121: 
case__11: 
rd_logic: 
datapath__19: 
addsub__1: 
case__3: 
logic__31: 
reg__107: 
keep__147: 
logic__107: 
reg__106: 
fifo_generator_top__parameterized0__xdcDup__1: 
logic__227: 
reg__115: 
case__16: 
datapath__14: 
logic__64: 
axi_dwidth_converter_v2_1_18_r_downsizer: 
case__46: 
keep__110: 
datapath__11: 
case__10: 
counter__7: 
reg__74: 
logic__368: 
case__25: 
reg__55: 
reg__45: 
logic__70: 
logic__21: 
logic__192: 
keep__119: 
logic__392: 
keep__132: 
logic__191: 
keep__130: 
muxpart__2: 
keep__106: 
keep__155: 
logic__28: 
case__67: 
fifo_generator_v13_2_3__parameterized0: 
keep__126: 
case__21: 
case__42: 
logic__98: 
logic__207: 
rd_status_flags_ss: 
logic__114: 
logic__374: 
case__36: 
logic__380: 
logic__407: 
case__60: 
reg__15: 
keep__118: 
datapath__12: 
compare: 
case__54: 
case__44: 
reg__43: 
logic__229: 
memory: 
keep__131: 
logic__58: 
keep__117: 
logic__253: 
logic__101: 
keep__151: 
reg__91: 
logic__301: 
signinv__3: 
logic__246: 
logic__22: 
case__58: 
keep__121: 
logic__394: 
keep__136: 
reg__103: 
logic__91: 
reg__69: 
axi_data_fifo_v2_1_17_axic_fifo: 
case__50: 
output_blk: 
keep__164: 
case__22: 
reg__89: 
reg__25: 
keep__157: 
logic: 
case__17: 
case__62: 
reg__26: 
logic__110: 
logic__135: 
reg__100: 
logic__341: 
keep__154: 
case__41: 
logic__96: 
logic__59: 
reg__65: 
datapath__9: 
logic__43: 
reg__58: 
logic__228: 
logic__14: 
reg__61: 
reg__12: 
logic__113: 
logic__198: 
case__56: 
fifo_generator_v13_2_3_synth: 
keep__168: 
datapath__22: 
reg: 
reg__94: 
logic__233: 
dmem__parameterized0: 
case__66: 
logic__338: 
muxpart__5: 
reg__48: 
logic__357: 
logic__314: 
case__45: 
logic__82: 
logic__120: 
muxpart__9: 
reg__60: 
logic__142: 
logic__348: 
logic__111: 
logic__165: 
reg__41: 
case__12: 
reg__32: 
keep__148: 
keep__140: 
reg__14: 
keep__160: 
reg__22: 
axi_data_fifo_v2_1_17_axic_fifo__parameterized0: 
case__8: 
axi_data_fifo_v2_1_17_fifo_gen__parameterized0__xdcDup__1: 
keep__133: 
axi_dwidth_converter_v2_1_18_a_downsizer: 
datapath__2: 
logic__10: 
logic__86: 
logic__268: 
reg__50: 
reg__105: 
muxpart__6: 
case__18: 
logic__251: 
muxpart__3: 
logic__210: 
logic__94: 
muxpart__4: 
logic__399: 
rd_bin_cntr: 
addsub: 
keep__112: 
reg__112: 
case__57: 
case__26: 
logic__52: 
reg__46: 
reg__96: 
keep__145: 
logic__245: 
keep__170: 
keep__167: 
keep__104: 
logic__342: 
case__49: 
keep__120: 
keep__116: 
logic__318: 
keep__114: 
axi_dwidth_converter_v2_1_18_a_downsizer__parameterized0: 
logic__395: 
datapath__1: 
logic__250: 
reg__20: 
fifo_generator_v13_2_3_synth__parameterized0: 
case__13: 
logic__406: 
logic__360: 
logic__294: 
case__43: 
logic__100: 
case__14: 
datapath__10: 
logic__326: 
